
> ledger360@0.1.0 build
> prisma generate && next build

Loaded Prisma config from prisma.config.ts.

Prisma schema loaded from prisma\schema.prisma.

✔ Generated Prisma Client (v7.8.0) to .\node_modules\@prisma\client in 2.63s

Start by importing your Prisma Client (See: https://pris.ly/d/importing-client)


   ▲ Next.js 15.3.8
   - Environments: .env

   Creating an optimized production build ...
 ✓ Compiled successfully in 38.0s
   Linting and checking validity of types ...

./src/app/(dashboard)/accounts/AccountsClient.tsx
6:52  Warning: 'Landmark' is defined but never used.  @typescript-eslint/no-unused-vars
6:62  Warning: 'Wallet' is defined but never used.  @typescript-eslint/no-unused-vars
6:70  Warning: 'CreditCard' is defined but never used.  @typescript-eslint/no-unused-vars
6:82  Warning: 'Banknote' is defined but never used.  @typescript-eslint/no-unused-vars
6:92  Warning: 'Smartphone' is defined but never used.  @typescript-eslint/no-unused-vars
8:10  Warning: 'fmtAdaptive' is defined but never used.  @typescript-eslint/no-unused-vars
16:10  Warning: 'getAccountGroup' is defined but never used.  @typescript-eslint/no-unused-vars
76:23  Warning: Unexpected any. Specify a different type.  @typescript-eslint/no-explicit-any
88:19  Warning: Unexpected any. Specify a different type.  @typescript-eslint/no-explicit-any
99:19  Warning: Unexpected any. Specify a different type.  @typescript-eslint/no-explicit-any
110:19  Warning: Unexpected any. Specify a different type.  @typescript-eslint/no-explicit-any

./src/app/(dashboard)/budgets/BudgetsClient.tsx
59:19  Warning: Unexpected any. Specify a different type.  @typescript-eslint/no-explicit-any
112:99  Warning: 'period' is defined but never used.  @typescript-eslint/no-unused-vars
233:32  Warning: 'i' is defined but never used.  @typescript-eslint/no-unused-vars

./src/app/(dashboard)/budgets/page.tsx
23:55  Warning: Unexpected any. Specify a different type.  @typescript-eslint/no-explicit-any
24:55  Warning: Unexpected any. Specify a different type.  @typescript-eslint/no-explicit-any

./src/app/(dashboard)/categories/CategoriesClient.tsx
44:19  Warning: Unexpected any. Specify a different type.  @typescript-eslint/no-explicit-any
79:61  Warning: `"` can be escaped with `&quot;`, `&ldquo;`, `&#34;`, `&rdquo;`.  react/no-unescaped-entities
79:68  Warning: `"` can be escaped with `&quot;`, `&ldquo;`, `&#34;`, `&rdquo;`.  react/no-unescaped-entities
79:71  Warning: `"` can be escaped with `&quot;`, `&ldquo;`, `&#34;`, `&rdquo;`.  react/no-unescaped-entities
79:76  Warning: `"` can be escaped with `&quot;`, `&ldquo;`, `&#34;`, `&rdquo;`.  react/no-unescaped-entities
80:15  Warning: `"` can be escaped with `&quot;`, `&ldquo;`, `&#34;`, `&rdquo;`.  react/no-unescaped-entities
80:27  Warning: `"` can be escaped with `&quot;`, `&ldquo;`, `&#34;`, `&rdquo;`.  react/no-unescaped-entities
99:55  Warning: 'currency' is defined but never used.  @typescript-eslint/no-unused-vars
124:17  Warning: Unexpected any. Specify a different type.  @typescript-eslint/no-explicit-any

./src/app/(dashboard)/loading.tsx
1:10  Warning: 'Surface' is defined but never used.  @typescript-eslint/no-unused-vars

./src/app/(dashboard)/loans/LoansClient.tsx
44:47  Warning: 'currency' is defined but never used.  @typescript-eslint/no-unused-vars
413:26  Warning: 'i' is defined but never used.  @typescript-eslint/no-unused-vars

./src/app/(dashboard)/net-worth/NetWorthClient.tsx
297:33  Warning: 'i' is defined but never used.  @typescript-eslint/no-unused-vars
357:38  Warning: 'i' is defined but never used.  @typescript-eslint/no-unused-vars

./src/app/(dashboard)/page.tsx
77:127  Warning: Unexpected any. Specify a different type.  @typescript-eslint/no-explicit-any
82:9  Warning: 'projected' is assigned a value but never used.  @typescript-eslint/no-unused-vars

./src/app/(dashboard)/reports/ReportsClient.tsx
40:52  Warning: Unexpected any. Specify a different type.  @typescript-eslint/no-explicit-any
45:24  Warning: Unexpected any. Specify a different type.  @typescript-eslint/no-explicit-any
58:55  Warning: Unexpected any. Specify a different type.  @typescript-eslint/no-explicit-any
116:56  Warning: Unexpected any. Specify a different type.  @typescript-eslint/no-explicit-any
252:63  Warning: Unexpected any. Specify a different type.  @typescript-eslint/no-explicit-any
282:130  Warning: Unexpected any. Specify a different type.  @typescript-eslint/no-explicit-any
283:135  Warning: Unexpected any. Specify a different type.  @typescript-eslint/no-explicit-any
344:104  Warning: Unexpected any. Specify a different type.  @typescript-eslint/no-explicit-any

./src/app/(dashboard)/settings/SavingsAutomationSection.tsx
6:35  Warning: 'useEffect' is defined but never used.  @typescript-eslint/no-unused-vars
11:3  Warning: 'deleteSavingsPlan' is defined but never used.  @typescript-eslint/no-unused-vars
17:48  Warning: 'Trash2' is defined but never used.  @typescript-eslint/no-unused-vars
18:15  Warning: 'Pause' is defined but never used.  @typescript-eslint/no-unused-vars
18:22  Warning: 'Play' is defined but never used.  @typescript-eslint/no-unused-vars
97:16  Warning: 'setPlan' is assigned a value but never used.  @typescript-eslint/no-unused-vars
151:19  Warning: Unexpected any. Specify a different type.  @typescript-eslint/no-explicit-any
162:19  Warning: Unexpected any. Specify a different type.  @typescript-eslint/no-explicit-any
174:19  Warning: Unexpected any. Specify a different type.  @typescript-eslint/no-explicit-any

./src/app/(dashboard)/settings/SettingsClient.tsx
23:10  Warning: 'CURRENCIES' is defined but never used.  @typescript-eslint/no-unused-vars
28:7  Warning: 'SECTIONS' is assigned a value but only used as a type.  @typescript-eslint/no-unused-vars
128:10  Warning: 'AccordionHeader' is defined but never used.  @typescript-eslint/no-unused-vars
168:10  Warning: 'AccordionPanel' is defined but never used.  @typescript-eslint/no-unused-vars
196:16  Warning: Unexpected any. Specify a different type.  @typescript-eslint/no-explicit-any
197:14  Warning: Unexpected any. Specify a different type.  @typescript-eslint/no-explicit-any
216:23  Warning: 'setCurrency' is assigned a value but never used.  @typescript-eslint/no-unused-vars
254:12  Warning: 'toggleSection' is defined but never used.  @typescript-eslint/no-unused-vars
267:19  Warning: Unexpected any. Specify a different type.  @typescript-eslint/no-explicit-any
345:17  Warning: Unexpected any. Specify a different type.  @typescript-eslint/no-explicit-any
529:120  Warning: Unexpected any. Specify a different type.  @typescript-eslint/no-explicit-any
623:114  Warning: `"` can be escaped with `&quot;`, `&ldquo;`, `&#34;`, `&rdquo;`.  react/no-unescaped-entities
623:121  Warning: `"` can be escaped with `&quot;`, `&ldquo;`, `&#34;`, `&rdquo;`.  react/no-unescaped-entities
663:116  Warning: `"` can be escaped with `&quot;`, `&ldquo;`, `&#34;`, `&rdquo;`.  react/no-unescaped-entities
663:123  Warning: `"` can be escaped with `&quot;`, `&ldquo;`, `&#34;`, `&rdquo;`.  react/no-unescaped-entities

./src/app/(dashboard)/transactions/page.tsx
37:107  Warning: Unexpected any. Specify a different type.  @typescript-eslint/no-explicit-any

./src/app/(dashboard)/transactions/TransactionsClient.tsx
10:10  Warning: 'fmtAdaptive' is defined but never used.  @typescript-eslint/no-unused-vars
16:10  Warning: 'Card' is defined but never used.  @typescript-eslint/no-unused-vars
20:10  Warning: 'Badge' is defined but never used.  @typescript-eslint/no-unused-vars
133:19  Warning: Unexpected any. Specify a different type.  @typescript-eslint/no-explicit-any
281:9  Warning: 'netPositive' is assigned a value but never used.  @typescript-eslint/no-unused-vars
330:19  Warning: Unexpected any. Specify a different type.  @typescript-eslint/no-explicit-any

./src/app/api/assets/quote/route.ts
16:12  Warning: 'err' is defined but never used.  @typescript-eslint/no-unused-vars

./src/app/api/assets/search/route.ts
15:12  Warning: 'err' is defined but never used.  @typescript-eslint/no-unused-vars

./src/app/api/auth/signup/route.ts
97:17  Warning: Unexpected any. Specify a different type.  @typescript-eslint/no-explicit-any

./src/app/api/nse/route.ts
13:12  Warning: 'err' is defined but never used.  @typescript-eslint/no-unused-vars

./src/app/api/upload/route.ts
6:10  Warning: 'headers' is defined but never used.  @typescript-eslint/no-unused-vars
22:78  Warning: 'filename' is defined but never used.  @typescript-eslint/no-unused-vars
199:38  Warning: Unexpected any. Specify a different type.  @typescript-eslint/no-explicit-any
420:26  Warning: A `require()` style import is forbidden.  @typescript-eslint/no-require-imports

./src/app/forgot-password/ForgotPasswordClient.tsx
21:19  Warning: Unexpected any. Specify a different type.  @typescript-eslint/no-explicit-any

./src/app/global-error.tsx
2:39  Warning: 'error' is defined but never used.  @typescript-eslint/no-unused-vars
2:46  Warning: 'reset' is defined but never used.  @typescript-eslint/no-unused-vars
2:55  Warning: Unexpected any. Specify a different type.  @typescript-eslint/no-explicit-any

./src/app/reset-password/ResetPasswordClient.tsx
40:19  Warning: Unexpected any. Specify a different type.  @typescript-eslint/no-explicit-any

./src/app/tos/page.tsx
62:33  Warning: `"` can be escaped with `&quot;`, `&ldquo;`, `&#34;`, `&rdquo;`.  react/no-unescaped-entities
62:39  Warning: `"` can be escaped with `&quot;`, `&ldquo;`, `&#34;`, `&rdquo;`.  react/no-unescaped-entities

./src/components/CategoryIcon.tsx
6:15  Warning: 'TrendingDown' is defined but never used.  @typescript-eslint/no-unused-vars

./src/components/dashboard/NsePortfolioBoard.tsx
31:16  Warning: 'err' is defined but never used.  @typescript-eslint/no-unused-vars

./src/components/DashboardCharts.tsx
31:56  Warning: Unexpected any. Specify a different type.  @typescript-eslint/no-explicit-any
36:24  Warning: Unexpected any. Specify a different type.  @typescript-eslint/no-explicit-any
49:55  Warning: Unexpected any. Specify a different type.  @typescript-eslint/no-explicit-any
63:76  Warning: Unexpected any. Specify a different type.  @typescript-eslint/no-explicit-any

./src/components/layout/Sidebar.tsx
5:56  Warning: 'ShieldCheck' is defined but never used.  @typescript-eslint/no-unused-vars

./src/components/MpesaSmsInput.tsx
45:53  Warning: Unexpected any. Specify a different type.  @typescript-eslint/no-explicit-any
47:17  Warning: Unexpected any. Specify a different type.  @typescript-eslint/no-explicit-any
62:7  Warning: Expected an assignment or function call and instead saw an expression.  @typescript-eslint/no-unused-expressions

./src/components/navigation/MobileNav.tsx
9:28  Warning: 'Shield' is defined but never used.  @typescript-eslint/no-unused-vars
9:36  Warning: 'FileText' is defined but never used.  @typescript-eslint/no-unused-vars

./src/components/PeriodSelector.tsx
4:10  Warning: 'ChevronDown' is defined but never used.  @typescript-eslint/no-unused-vars

./src/components/SmartUpload.tsx
18:23  Warning: Unexpected any. Specify a different type.  @typescript-eslint/no-explicit-any
20:116  Warning: Unexpected any. Specify a different type.  @typescript-eslint/no-explicit-any
63:55  Warning: Unexpected any. Specify a different type.  @typescript-eslint/no-explicit-any
88:17  Warning: Unexpected any. Specify a different type.  @typescript-eslint/no-explicit-any
96:46  Warning: Expected an assignment or function call and instead saw an expression.  @typescript-eslint/no-unused-expressions
120:17  Warning: Unexpected any. Specify a different type.  @typescript-eslint/no-explicit-any

./src/lib/actions/accounts.ts
105:70  Warning: Unexpected any. Specify a different type.  @typescript-eslint/no-explicit-any
155:70  Warning: Unexpected any. Specify a different type.  @typescript-eslint/no-explicit-any
156:19  Warning: Unexpected any. Specify a different type.  @typescript-eslint/no-explicit-any

./src/lib/actions/budgets.ts
5:10  Warning: 'periodDates' is defined but never used.  @typescript-eslint/no-unused-vars
10:7  Warning: 'PeriodSchema' is assigned a value but never used.  @typescript-eslint/no-unused-vars
38:70  Warning: Unexpected any. Specify a different type.  @typescript-eslint/no-explicit-any

./src/lib/actions/goals.ts
7:15  Warning: 'Goal' is defined but never used.  @typescript-eslint/no-unused-vars

./src/lib/actions/loans.ts
7:10  Warning: 'computeLoanBalance' is defined but never used.  @typescript-eslint/no-unused-vars
8:15  Warning: 'Loan' is defined but never used.  @typescript-eslint/no-unused-vars

./src/lib/actions/reports.ts
7:15  Warning: 'Category' is defined but never used.  @typescript-eslint/no-unused-vars

./src/lib/actions/savings.ts
11:10  Warning: 'logActivity' is defined but never used.  @typescript-eslint/no-unused-vars
219:57  Warning: Unexpected any. Specify a different type.  @typescript-eslint/no-explicit-any
234:30  Warning: Unexpected any. Specify a different type.  @typescript-eslint/no-explicit-any
235:23  Warning: Unexpected any. Specify a different type.  @typescript-eslint/no-explicit-any
270:41  Warning: Unexpected any. Specify a different type.  @typescript-eslint/no-explicit-any

./src/lib/actions/settings.ts
115:62  Warning: Unexpected any. Specify a different type.  @typescript-eslint/no-explicit-any

./src/lib/actions/transactions.ts
5:10  Warning: 'periodDates' is defined but never used.  @typescript-eslint/no-unused-vars
9:15  Warning: 'Category' is defined but never used.  @typescript-eslint/no-unused-vars
12:7  Warning: 'PeriodSchema' is assigned a value but never used.  @typescript-eslint/no-unused-vars
13:7  Warning: 'TypeSchema' is assigned a value but never used.  @typescript-eslint/no-unused-vars
76:37  Warning: Unexpected any. Specify a different type.  @typescript-eslint/no-explicit-any
94:11  Warning: 'newTx' is assigned a value but never used.  @typescript-eslint/no-unused-vars
123:19  Warning: Unexpected any. Specify a different type.  @typescript-eslint/no-explicit-any
128:48  Warning: Unexpected any. Specify a different type.  @typescript-eslint/no-explicit-any
178:57  Warning: Unexpected any. Specify a different type.  @typescript-eslint/no-explicit-any
180:84  Warning: Unexpected any. Specify a different type.  @typescript-eslint/no-explicit-any
183:22  Warning: Unexpected any. Specify a different type.  @typescript-eslint/no-explicit-any
184:19  Warning: Unexpected any. Specify a different type.  @typescript-eslint/no-explicit-any
185:45  Warning: Unexpected any. Specify a different type.  @typescript-eslint/no-explicit-any
192:71  Warning: Unexpected any. Specify a different type.  @typescript-eslint/no-explicit-any
200:31  Warning: Unexpected any. Specify a different type.  @typescript-eslint/no-explicit-any
225:35  Warning: Unexpected any. Specify a different type.  @typescript-eslint/no-explicit-any
246:28  Warning: Unexpected any. Specify a different type.  @typescript-eslint/no-explicit-any
328:50  Warning: Unexpected any. Specify a different type.  @typescript-eslint/no-explicit-any

./src/lib/actions/transfers.ts
24:37  Warning: Unexpected any. Specify a different type.  @typescript-eslint/no-explicit-any
52:36  Warning: 'id' is defined but never used.  @typescript-eslint/no-unused-vars
52:48  Warning: 'rawData' is defined but never used.  @typescript-eslint/no-unused-vars

./src/lib/api/assets.ts
23:24  Warning: Unexpected any. Specify a different type.  @typescript-eslint/no-explicit-any
23:44  Warning: Unexpected any. Specify a different type.  @typescript-eslint/no-explicit-any
42:54  Warning: Unexpected any. Specify a different type.  @typescript-eslint/no-explicit-any

./src/lib/api/frankfurter.ts
16:9  Warning: 'cacheKey' is assigned a value but never used.  @typescript-eslint/no-unused-vars

./src/lib/api/idempotency.ts
10:102  Warning: Unexpected any. Specify a different type.  @typescript-eslint/no-explicit-any
13:36  Warning: Unexpected any. Specify a different type.  @typescript-eslint/no-explicit-any
46:70  Warning: Unexpected any. Specify a different type.  @typescript-eslint/no-explicit-any

./src/lib/api/nse.ts
42:52  Warning: Unexpected any. Specify a different type.  @typescript-eslint/no-explicit-any

./src/lib/api/respond.ts
22:15  Warning: Unexpected any. Specify a different type.  @typescript-eslint/no-explicit-any
26:20  Warning: Unexpected any. Specify a different type.  @typescript-eslint/no-explicit-any
42:30  Warning: Unexpected any. Specify a different type.  @typescript-eslint/no-explicit-any
42:39  Warning: Unexpected any. Specify a different type.  @typescript-eslint/no-explicit-any
118:97  Warning: Unexpected any. Specify a different type.  @typescript-eslint/no-explicit-any
144:21  Warning: Unexpected any. Specify a different type.  @typescript-eslint/no-explicit-any
158:29  Warning: Unexpected any. Specify a different type.  @typescript-eslint/no-explicit-any

./src/lib/audit.ts
13:14  Warning: Unexpected any. Specify a different type.  @typescript-eslint/no-explicit-any

./src/lib/auth.ts
7:8  Warning: 'NextAuth' is defined but never used.  @typescript-eslint/no-unused-vars
80:30  Warning: 'trigger' is defined but never used.  @typescript-eslint/no-unused-vars
82:41  Warning: Unexpected any. Specify a different type.  @typescript-eslint/no-explicit-any
83:41  Warning: Unexpected any. Specify a different type.  @typescript-eslint/no-explicit-any
84:41  Warning: Unexpected any. Specify a different type.  @typescript-eslint/no-explicit-any
85:41  Warning: Unexpected any. Specify a different type.  @typescript-eslint/no-explicit-any
99:61  Warning: Unexpected any. Specify a different type.  @typescript-eslint/no-explicit-any
116:21  Warning: Unexpected any. Specify a different type.  @typescript-eslint/no-explicit-any
118:22  Warning: Unexpected any. Specify a different type.  @typescript-eslint/no-explicit-any

./src/lib/behavioral.ts
125:68  Warning: Unexpected any. Specify a different type.  @typescript-eslint/no-explicit-any
147:60  Warning: Unexpected any. Specify a different type.  @typescript-eslint/no-explicit-any

./src/lib/domain/money/CurrencyFormatter.ts
16:14  Warning: 'e' is defined but never used.  @typescript-eslint/no-unused-vars

./src/lib/domain/services/BalanceService.ts
16:18  Warning: Unexpected any. Specify a different type.  @typescript-eslint/no-explicit-any
37:47  Warning: Unexpected any. Specify a different type.  @typescript-eslint/no-explicit-any
38:48  Warning: Unexpected any. Specify a different type.  @typescript-eslint/no-explicit-any
39:51  Warning: Unexpected any. Specify a different type.  @typescript-eslint/no-explicit-any
40:49  Warning: Unexpected any. Specify a different type.  @typescript-eslint/no-explicit-any

./src/lib/domain/services/TransactionService.ts
56:42  Warning: Unexpected any. Specify a different type.  @typescript-eslint/no-explicit-any

./src/lib/intelligence.ts
13:10  Warning: 'getLoansForUser' is defined but never used.  @typescript-eslint/no-unused-vars
115:19  Warning: 'catId' is assigned a value but never used.  @typescript-eslint/no-unused-vars

./src/lib/logger.ts
8:58  Warning: Unexpected any. Specify a different type.  @typescript-eslint/no-explicit-any
30:58  Warning: Unexpected any. Specify a different type.  @typescript-eslint/no-explicit-any

./src/lib/mappers/accounts.ts
1:15  Warning: 'Account' is defined but never used.  @typescript-eslint/no-unused-vars

./src/lib/mappers/transfers.ts
1:34  Warning: 'Goal' is defined but never used.  @typescript-eslint/no-unused-vars
1:40  Warning: 'Loan' is defined but never used.  @typescript-eslint/no-unused-vars

./src/lib/money.ts
24:37  Warning: Unexpected any. Specify a different type.  @typescript-eslint/no-explicit-any

./src/lib/queries/categories.ts
2:10  Warning: 'requireAuth' is defined but never used.  @typescript-eslint/no-unused-vars
3:10  Warning: 'prisma' is defined but never used.  @typescript-eslint/no-unused-vars
7:7  Warning: 'CategorySchema' is assigned a value but never used.  @typescript-eslint/no-unused-vars
13:7  Warning: 'DeleteSchema' is assigned a value but never used.  @typescript-eslint/no-unused-vars

./src/lib/queries/password.ts
2:10  Warning: 'prisma' is defined but never used.  @typescript-eslint/no-unused-vars
3:8  Warning: 'crypto' is defined but never used.  @typescript-eslint/no-unused-vars
4:13  Warning: 'argon2' is defined but never used.  @typescript-eslint/no-unused-vars
7:7  Warning: 'resend' is assigned a value but never used.  @typescript-eslint/no-unused-vars
9:10  Warning: 'z' is defined but never used.  @typescript-eslint/no-unused-vars

./src/lib/queries/settings.ts
6:10  Warning: 'revalidatePath' is defined but never used.  @typescript-eslint/no-unused-vars
7:10  Warning: 'requireAuth' is defined but never used.  @typescript-eslint/no-unused-vars
11:7  Warning: 'PrefsSchema' is assigned a value but never used.  @typescript-eslint/no-unused-vars
18:7  Warning: 'NotifSchema' is assigned a value but never used.  @typescript-eslint/no-unused-vars
26:7  Warning: 'AppearanceSchema' is assigned a value but never used.  @typescript-eslint/no-unused-vars

./src/lib/queries/transfers.ts
3:10  Warning: 'requireAuth' is defined but never used.  @typescript-eslint/no-unused-vars
4:10  Warning: 'revalidatePath' is defined but never used.  @typescript-eslint/no-unused-vars
5:10  Warning: 'logActivity' is defined but never used.  @typescript-eslint/no-unused-vars
10:7  Warning: 'DeleteSchema' is assigned a value but never used.  @typescript-eslint/no-unused-vars

./src/lib/repositories/transactions.ts
39:51  Warning: Unexpected any. Specify a different type.  @typescript-eslint/no-explicit-any
39:62  Warning: Unexpected any. Specify a different type.  @typescript-eslint/no-explicit-any
43:51  Warning: Unexpected any. Specify a different type.  @typescript-eslint/no-explicit-any

info  - Need to disable some ESLint rules? Learn more here: https://nextjs.org/docs/app/api-reference/config/eslint#disabling-rules
   Collecting page data ...
   Generating static pages (0/12) ...
   Generating static pages (3/12) 
   Generating static pages (6/12) 
   Generating static pages (9/12) 
 ✓ Generating static pages (12/12)
   Finalizing page optimization ...
   Collecting build traces ...

Route (app)                                 Size  First Load JS
┌ ƒ /                                    6.99 kB         231 kB
├ ƒ /_not-found                            189 B         102 kB
├ ƒ /accounts                            4.05 kB         109 kB
├ ƒ /api/assets/quote                      189 B         102 kB
├ ƒ /api/assets/search                     189 B         102 kB
├ ƒ /api/auth/[...nextauth]                189 B         102 kB
├ ƒ /api/auth/signup                       189 B         102 kB
├ ƒ /api/fx-rates                          189 B         102 kB
├ ƒ /api/nse                               189 B         102 kB
├ ƒ /api/upload                            189 B         102 kB
├ ƒ /api/v1/accounts                       189 B         102 kB
├ ƒ /api/v1/budgets                        189 B         102 kB
├ ƒ /api/v1/goals                          189 B         102 kB
├ ƒ /api/v1/loans                          189 B         102 kB
├ ƒ /api/v1/net-worth                      189 B         102 kB
├ ƒ /api/v1/transactions                   189 B         102 kB
├ ƒ /api/v1/transfers                      189 B         102 kB
├ ƒ /budgets                             6.19 kB         114 kB
├ ƒ /categories                          4.17 kB         110 kB
├ ƒ /forgot-password                     2.35 kB         108 kB
├ ƒ /goals                               5.43 kB         111 kB
├ ƒ /loans                               8.24 kB         110 kB
├ ƒ /login                               3.12 kB         117 kB
├ ƒ /net-worth                           6.54 kB         218 kB
├ ƒ /privacy                               189 B         102 kB
├ ƒ /reports                             10.8 kB         232 kB
├ ƒ /reset-password                      3.06 kB         108 kB
├ ƒ /settings                            12.3 kB         123 kB
├ ƒ /signup                              4.44 kB         119 kB
├ ƒ /tos                                   189 B         102 kB
└ ƒ /transactions                        8.86 kB         130 kB
+ First Load JS shared by all             102 kB
  ├ chunks/1684-b81b0d50e52cecf6.js      46.6 kB
  ├ chunks/4bd1b696-f107f91a99ba7bb1.js  53.2 kB
  └ other shared chunks (total)             2 kB


ƒ  (Dynamic)  server-rendered on demand

