src/app/accounts/AccountsClient.tsx(90,44): error TS2345: Argument of type '{ name: string; type: string; openingMinor: number; }' is not assignable to parameter of type 'Partial<{ name: string; type: "CHECKING" | "SAVINGS" | "MPESA" | "AIRTEL_MONEY" | "CREDIT_CARD" | "SACCO_DEPOSIT" | "SACCO_LOAN" | "CHAMA" | "MORTGAGE" | "AUTO_LOAN" | "BROKERAGE" | "CRYPTO"; openingMinor: number; archived?: boolean | undefined; }>'.
  Types of property 'type' are incompatible.
    Type 'string' is not assignable to type '"CHECKING" | "SAVINGS" | "MPESA" | "AIRTEL_MONEY" | "CREDIT_CARD" | "SACCO_DEPOSIT" | "SACCO_LOAN" | "CHAMA" | "MORTGAGE" | "AUTO_LOAN" | "BROKERAGE" | "CRYPTO" | undefined'.
src/app/accounts/AccountsClient.tsx(92,29): error TS2345: Argument of type '{ name: string; type: string; openingMinor: number; }' is not assignable to parameter of type '{ name: string; type: "CHECKING" | "SAVINGS" | "MPESA" | "AIRTEL_MONEY" | "CREDIT_CARD" | "SACCO_DEPOSIT" | "SACCO_LOAN" | "CHAMA" | "MORTGAGE" | "AUTO_LOAN" | "BROKERAGE" | "CRYPTO"; openingMinor: number; archived?: boolean | undefined; }'.
  Types of property 'type' are incompatible.
    Type 'string' is not assignable to type '"CHECKING" | "SAVINGS" | "MPESA" | "AIRTEL_MONEY" | "CREDIT_CARD" | "SACCO_DEPOSIT" | "SACCO_LOAN" | "CHAMA" | "MORTGAGE" | "AUTO_LOAN" | "BROKERAGE" | "CRYPTO"'.
src/app/api/auth/signup/route.ts(88,27): error TS2322: Type '"mobile_money"' is not assignable to type 'AccountType | undefined'.
src/app/api/auth/signup/route.ts(89,25): error TS2322: Type '"cash"' is not assignable to type 'AccountType | undefined'.
src/app/api/v1/accounts/route.ts(23,26): error TS2345: Argument of type '{ name: string; type: "savings" | "mobile_money" | "cash" | "bank" | "credit_card" | "investment"; openingMinor: number; currency?: string | undefined; archived?: boolean | undefined; }' is not assignable to parameter of type '{ name: string; type: "CHECKING" | "SAVINGS" | "MPESA" | "AIRTEL_MONEY" | "CREDIT_CARD" | "SACCO_DEPOSIT" | "SACCO_LOAN" | "CHAMA" | "MORTGAGE" | "AUTO_LOAN" | "BROKERAGE" | "CRYPTO"; openingMinor: number; archived?: boolean | undefined; }'.
  Types of property 'type' are incompatible.
    Type '"savings" | "mobile_money" | "cash" | "bank" | "credit_card" | "investment"' is not assignable to type '"CHECKING" | "SAVINGS" | "MPESA" | "AIRTEL_MONEY" | "CREDIT_CARD" | "SACCO_DEPOSIT" | "SACCO_LOAN" | "CHAMA" | "MORTGAGE" | "AUTO_LOAN" | "BROKERAGE" | "CRYPTO"'.
      Type '"savings"' is not assignable to type '"CHECKING" | "SAVINGS" | "MPESA" | "AIRTEL_MONEY" | "CREDIT_CARD" | "SACCO_DEPOSIT" | "SACCO_LOAN" | "CHAMA" | "MORTGAGE" | "AUTO_LOAN" | "BROKERAGE" | "CRYPTO"'. Did you mean '"SAVINGS"'?
src/components/dashboard/ChamaBoard.tsx(68,109): error TS2339: Property 'balanceMinor' does not exist on type '{ id: string; name: string; type: AccountType; currency: string; openingMinor: number; archived: boolean; createdAt: Date; userId: string; }'.
src/lib/actions/networth.ts(17,45): error TS2367: This comparison appears to be unintentional because the types 'AccountType' and '"credit_card"' have no overlap.
src/lib/actions/networth.ts(18,45): error TS2367: This comparison appears to be unintentional because the types 'AccountType' and '"credit_card"' have no overlap.
src/lib/actions/reports.ts(126,69): error TS2820: Type '"savings"' is not assignable to type 'AccountType'. Did you mean '"SAVINGS"'?
src/lib/actions/reports.ts(126,80): error TS2322: Type '"investment"' is not assignable to type 'AccountType'.
src/lib/actions/reports.ts(133,69): error TS2820: Type '"savings"' is not assignable to type 'AccountType'. Did you mean '"SAVINGS"'?
src/lib/actions/reports.ts(133,80): error TS2322: Type '"investment"' is not assignable to type 'AccountType'.
src/lib/actions/savings.ts(81,28): error TS2367: This comparison appears to be unintentional because the types 'AccountType' and '"savings"' have no overlap.
src/lib/actions/savings.ts(81,60): error TS2367: This comparison appears to be unintentional because the types 'AccountType' and '"investment"' have no overlap.
src/lib/actions/savings.ts(276,22): error TS2367: This comparison appears to be unintentional because the types 'AccountType' and '"credit_card"' have no overlap.
src/lib/actions/transactions.ts(67,37): error TS2820: Type '"savings"' is not assignable to type 'AccountType'. Did you mean '"SAVINGS"'?
src/lib/actions/transactions.ts(67,48): error TS2322: Type '"investment"' is not assignable to type 'AccountType'.
src/lib/actions/transactions.ts(72,19): error TS18048: 'savingsTransfers._sum' is possibly 'undefined'.
src/lib/actions/transactions.ts(197,104): error TS2322: Type '"bank"' is not assignable to type 'AccountType | undefined'.
src/lib/actions/transactions.ts(209,16): error TS2367: This comparison appears to be unintentional because the types 'AccountType' and '"credit_card"' have no overlap.
src/lib/actions/transactions.ts(428,16): error TS2367: This comparison appears to be unintentional because the types 'AccountType' and '"credit_card"' have no overlap.
src/lib/actions/transfers.ts(97,7): error TS2367: This comparison appears to be unintentional because the types 'AccountType' and '"credit_card"' have no overlap.
src/lib/actions/transfers.ts(201,7): error TS2367: This comparison appears to be unintentional because the types 'AccountType' and '"credit_card"' have no overlap.
src/lib/intelligence.ts(79,37): error TS2820: Type '"savings"' is not assignable to type 'AccountType'. Did you mean '"SAVINGS"'?
src/lib/intelligence.ts(79,48): error TS2322: Type '"investment"' is not assignable to type 'AccountType'.
src/tests/financial-logic.test.ts(107,24): error TS2322: Type '"bank"' is not assignable to type 'AccountType'.
src/tests/financial-logic.test.ts(108,24): error TS2820: Type '"credit_card"' is not assignable to type 'AccountType'. Did you mean '"CREDIT_CARD"'?
src/tests/financial-logic.test.ts(118,9): error TS2741: Property 'amortization' is missing in type '{ id: string; balanceMinor: number; userId: string; name: string; lender: string; type: string; originalAmountMinor: number; annualRate: number; monthlyPaymentMinor: number; nextDue: Date; createdAt: Date; daysOverdue: number; }' but required in type '{ balanceMinor: number; daysOverdue: number; id: string; name: string; type: string; createdAt: Date; userId: string; lender: string; originalAmountMinor: number; annualRate: number; amortization: string; monthlyPaymentMinor: number; nextDue: Date; }'.
src/tests/financial-logic.test.ts(145,9): error TS2741: Property 'amortization' is missing in type '{ id: string; balanceMinor: number; nextDue: Date; monthlyPaymentMinor: number; name: string; userId: string; lender: string; type: string; originalAmountMinor: number; annualRate: number; createdAt: Date; daysOverdue: number; }' but required in type '{ balanceMinor: number; daysOverdue: number; id: string; name: string; type: string; createdAt: Date; userId: string; lender: string; originalAmountMinor: number; annualRate: number; amortization: string; monthlyPaymentMinor: number; nextDue: Date; }'.
src/tests/financial-logic.test.ts(147,9): error TS2741: Property 'amortization' is missing in type '{ id: string; balanceMinor: number; nextDue: Date; monthlyPaymentMinor: number; name: string; userId: string; lender: string; type: string; originalAmountMinor: number; annualRate: number; createdAt: Date; daysOverdue: number; }' but required in type '{ balanceMinor: number; daysOverdue: number; id: string; name: string; type: string; createdAt: Date; userId: string; lender: string; originalAmountMinor: number; annualRate: number; amortization: string; monthlyPaymentMinor: number; nextDue: Date; }'.
src/tests/financial-logic.test.ts(328,71): error TS2322: Type '"bank"' is not assignable to type 'AccountType'.
src/tests/financial-logic.test.ts(331,9): error TS2741: Property 'amortization' is missing in type '{ id: string; balanceMinor: number; userId: string; name: string; lender: string; type: string; originalAmountMinor: number; annualRate: number; monthlyPaymentMinor: number; nextDue: Date; createdAt: Date; daysOverdue: number; }' but required in type '{ balanceMinor: number; daysOverdue: number; id: string; name: string; type: string; createdAt: Date; userId: string; lender: string; originalAmountMinor: number; annualRate: number; amortization: string; monthlyPaymentMinor: number; nextDue: Date; }'.
src/tests/financial-logic.test.ts(347,71): error TS2322: Type '"bank"' is not assignable to type 'AccountType'.
src/tests/financial-logic.test.ts(357,72): error TS2820: Type '"credit_card"' is not assignable to type 'AccountType'. Did you mean '"CREDIT_CARD"'?
src/tests/financial-logic.test.ts(369,71): error TS2322: Type '"bank"' is not assignable to type 'AccountType'.
src/tests/financial-logic.test.ts(417,91): error TS2322: Type '"bank"' is not assignable to type 'AccountType'.
src/tests/financial-logic.test.ts(418,53): error TS2741: Property 'amortization' is missing in type '{ id: string; balanceMinor: number; userId: string; name: string; lender: string; type: string; originalAmountMinor: number; annualRate: number; monthlyPaymentMinor: number; nextDue: Date; createdAt: Date; daysOverdue: number; }' but required in type '{ balanceMinor: number; daysOverdue: number; id: string; name: string; type: string; createdAt: Date; userId: string; lender: string; originalAmountMinor: number; annualRate: number; amortization: string; monthlyPaymentMinor: number; nextDue: Date; }'.
src/tests/financial-logic.test.ts(424,91): error TS2322: Type '"bank"' is not assignable to type 'AccountType'.
src/tests/financial-logic.test.ts(425,53): error TS2741: Property 'amortization' is missing in type '{ id: string; balanceMinor: number; userId: string; name: string; lender: string; type: string; originalAmountMinor: number; annualRate: number; monthlyPaymentMinor: number; nextDue: Date; createdAt: Date; daysOverdue: number; }' but required in type '{ balanceMinor: number; daysOverdue: number; id: string; name: string; type: string; createdAt: Date; userId: string; lender: string; originalAmountMinor: number; annualRate: number; amortization: string; monthlyPaymentMinor: number; nextDue: Date; }'.
src/tests/savings-plan.test.ts(111,28): error TS2322: Type '"mobile_money"' is not assignable to type 'AccountType'.
src/tests/savings-plan.test.ts(158,28): error TS2322: Type '"mobile_money"' is not assignable to type 'AccountType'.
src/tests/savings-plan.test.ts(209,26): error TS2322: Type '"mobile_money"' is not assignable to type 'AccountType'.
src/tests/savings-plan.test.ts(240,26): error TS2322: Type '"mobile_money"' is not assignable to type 'AccountType'.
src/tests/savings-plan.test.ts(264,26): error TS2322: Type '"mobile_money"' is not assignable to type 'AccountType'.
src/tests/savings-plan.test.ts(300,26): error TS2322: Type '"mobile_money"' is not assignable to type 'AccountType'.
src/tests/savings-plan.test.ts(369,26): error TS2322: Type '"mobile_money"' is not assignable to type 'AccountType'.
