.next/dev/types/validator.ts(116,39): error TS2307: Cannot find module '../../../src/app/security/page.js' or its corresponding type declarations.
.next/types/validator.ts(143,39): error TS2307: Cannot find module '../../src/app/security/page.js' or its corresponding type declarations.
src/app/goals/page.tsx(17,9): error TS2322: Type '{ category: string; id: string; userId: string; name: string; createdAt: Date; targetAmountMinor: number; currentAmountMinor: number; deadline: Date | null; }[]' is not assignable to type 'Goal[]'.
  Type '{ category: string; id: string; userId: string; name: string; createdAt: Date; targetAmountMinor: number; currentAmountMinor: number; deadline: Date | null; }' is missing the following properties from type 'Goal': targetAmount, currentAmount
src/app/loans/page.tsx(16,20): error TS2322: Type '{ daysOverdue: number; id: string; userId: string; type: string; name: string; createdAt: Date; lender: string; originalAmountMinor: number; balanceMinor: number; annualRate: number; monthlyPaymentMinor: number; nextDue: Date; }[]' is not assignable to type 'Loan[]'.
  Type '{ daysOverdue: number; id: string; userId: string; type: string; name: string; createdAt: Date; lender: string; originalAmountMinor: number; balanceMinor: number; annualRate: number; monthlyPaymentMinor: number; nextDue: Date; }' is missing the following properties from type 'Loan': originalAmt, balance, monthlyPmt
src/app/net-worth/page.tsx(16,9): error TS2322: Type '{ category: string; id: string; userId: string; name: string; createdAt: Date; updatedAt: Date; valueMinor: number; }[]' is not assignable to type 'Asset[]'.
  Property 'value' is missing in type '{ category: string; id: string; userId: string; name: string; createdAt: Date; updatedAt: Date; valueMinor: number; }' but required in type 'Asset'.
src/app/net-worth/page.tsx(17,9): error TS2322: Type '{ id: string; userId: string; type: string; name: string; createdAt: Date; lender: string; originalAmountMinor: number; balanceMinor: number; annualRate: number; monthlyPaymentMinor: number; nextDue: Date; daysOverdue: number; }[]' is not assignable to type 'Loan[]'.
  Property 'balance' is missing in type '{ id: string; userId: string; type: string; name: string; createdAt: Date; lender: string; originalAmountMinor: number; balanceMinor: number; annualRate: number; monthlyPaymentMinor: number; nextDue: Date; daysOverdue: number; }' but required in type 'Loan'.
src/app/page.tsx(210,36): error TS2339: Property 'balance' does not exist on type '{ daysOverdue: number; id: string; userId: string; type: string; name: string; createdAt: Date; lender: string; originalAmountMinor: number; balanceMinor: number; annualRate: number; monthlyPaymentMinor: number; nextDue: Date; }'.
src/app/transactions/page.tsx(27,93): error TS2339: Property 'amount' does not exist on type '{ category: { id: string; userId: string; type: string; name: string; icon: string | null; }; } & { id: string; userId: string; type: string; name: string; currency: string; createdAt: Date; date: Date; note: string | null; baseAmountMinor: number; categoryId: string; importedAt: Date | null; }'.
src/app/transactions/page.tsx(28,94): error TS2339: Property 'amount' does not exist on type '{ category: { id: string; userId: string; type: string; name: string; icon: string | null; }; } & { id: string; userId: string; type: string; name: string; currency: string; createdAt: Date; date: Date; note: string | null; baseAmountMinor: number; categoryId: string; importedAt: Date | null; }'.
src/app/transactions/page.tsx(33,9): error TS2322: Type '({ category: { id: string; userId: string; type: string; name: string; icon: string | null; }; } & { id: string; userId: string; type: string; name: string; currency: string; createdAt: Date; date: Date; note: string | null; baseAmountMinor: number; categoryId: string; importedAt: Date | null; })[]' is not assignable to type 'Tx[]'.
  Property 'amount' is missing in type '{ category: { id: string; userId: string; type: string; name: string; icon: string | null; }; } & { id: string; userId: string; type: string; name: string; currency: string; createdAt: Date; date: Date; note: string | null; baseAmountMinor: number; categoryId: string; importedAt: Date | null; }' but required in type 'Tx'.
src/lib/actions/budgets.ts(20,13): error TS2353: Object literal may only specify known properties, and 'amount' does not exist in type 'TransactionSumAggregateInputType'.
src/lib/actions/budgets.ts(23,39): error TS18048: 'r._sum' is possibly 'undefined'.
src/lib/actions/budgets.ts(23,46): error TS2339: Property 'amount' does not exist on type '{ baseAmountMinor?: number | null | undefined; }'.
src/lib/actions/budgets.ts(31,17): error TS2339: Property 'limitAmt' does not exist on type '{ category: { id: string; userId: string; type: string; name: string; icon: string | null; }; } & { id: string; userId: string; name: string; createdAt: Date; categoryId: string; period: string; limitAmountMinor: number; }'.
src/lib/actions/budgets.ts(50,32): error TS2322: Type '{ userId: string; name: string; categoryId: string; limitAmt: number; period: "weekly" | "monthly" | "yearly"; }' is not assignable to type '(Without<BudgetCreateInput, BudgetUncheckedCreateInput> & BudgetUncheckedCreateInput) | (Without<...> & BudgetCreateInput)'.
  Type '{ userId: string; name: string; categoryId: string; limitAmt: number; period: "weekly" | "monthly" | "yearly"; }' is not assignable to type 'Without<BudgetCreateInput, BudgetUncheckedCreateInput> & BudgetUncheckedCreateInput'.
    Property 'limitAmountMinor' is missing in type '{ userId: string; name: string; categoryId: string; limitAmt: number; period: "weekly" | "monthly" | "yearly"; }' but required in type 'BudgetUncheckedCreateInput'.
src/lib/actions/goals.ts(27,7): error TS2353: Object literal may only specify known properties, and 'targetAmount' does not exist in type 'Without<GoalCreateInput, GoalUncheckedCreateInput> & GoalUncheckedCreateInput'.
src/lib/actions/goals.ts(43,14): error TS2353: Object literal may only specify known properties, and 'currentAmount' does not exist in type '(Without<GoalUpdateManyMutationInput, GoalUncheckedUpdateManyInput> & GoalUncheckedUpdateManyInput) | (Without<...> & GoalUpdateManyMutationInput)'.
src/lib/actions/loans.ts(35,5): error TS2322: Type '{ nextDue: Date; userId: string; name: string; lender: string; type: string; originalAmt: number; balance: number; annualRate: number; monthlyPmt: number; }' is not assignable to type '(Without<LoanCreateInput, LoanUncheckedCreateInput> & LoanUncheckedCreateInput) | (Without<...> & LoanCreateInput)'.
  Type '{ nextDue: Date; userId: string; name: string; lender: string; type: string; originalAmt: number; balance: number; annualRate: number; monthlyPmt: number; }' is not assignable to type 'Without<LoanCreateInput, LoanUncheckedCreateInput> & LoanUncheckedCreateInput'.
    Type '{ nextDue: Date; userId: string; name: string; lender: string; type: string; originalAmt: number; balance: number; annualRate: number; monthlyPmt: number; }' is missing the following properties from type 'LoanUncheckedCreateInput': originalAmountMinor, balanceMinor, monthlyPaymentMinor
src/lib/actions/loans.ts(52,7): error TS2353: Object literal may only specify known properties, and 'balance' does not exist in type '(Without<LoanUpdateManyMutationInput, LoanUncheckedUpdateManyInput> & LoanUncheckedUpdateManyInput) | (Without<...> & LoanUpdateManyMutationInput)'.
src/lib/actions/networth.ts(13,58): error TS2339: Property 'value' does not exist on type '{ category: string; id: string; userId: string; name: string; createdAt: Date; updatedAt: Date; valueMinor: number; }'.
src/lib/actions/networth.ts(14,57): error TS2339: Property 'balance' does not exist on type '{ id: string; userId: string; type: string; name: string; createdAt: Date; lender: string; originalAmountMinor: number; balanceMinor: number; annualRate: number; monthlyPaymentMinor: number; nextDue: Date; daysOverdue: number; }'.
src/lib/actions/networth.ts(31,31): error TS2322: Type '{ userId: string; name: string; category: string; value: number; }' is not assignable to type '(Without<AssetCreateInput, AssetUncheckedCreateInput> & AssetUncheckedCreateInput) | (Without<...> & AssetCreateInput)'.
  Type '{ userId: string; name: string; category: string; value: number; }' is not assignable to type 'Without<AssetCreateInput, AssetUncheckedCreateInput> & AssetUncheckedCreateInput'.
    Property 'valueMinor' is missing in type '{ userId: string; name: string; category: string; value: number; }' but required in type 'AssetUncheckedCreateInput'.
src/lib/actions/reports.ts(76,119): error TS2353: Object literal may only specify known properties, and 'amount' does not exist in type 'TransactionSumAggregateInputType'.
src/lib/actions/reports.ts(77,119): error TS2353: Object literal may only specify known properties, and 'amount' does not exist in type 'TransactionSumAggregateInputType'.
src/lib/actions/reports.ts(78,127): error TS2353: Object literal may only specify known properties, and 'amount' does not exist in type 'TransactionSumAggregateInputType'.
src/lib/actions/reports.ts(79,127): error TS2353: Object literal may only specify known properties, and 'amount' does not exist in type 'TransactionSumAggregateInputType'.
src/lib/actions/reports.ts(82,15): error TS18048: 'income._sum' is possibly 'undefined'.
src/lib/actions/reports.ts(82,27): error TS2339: Property 'amount' does not exist on type '{ baseAmountMinor?: number | null | undefined; }'.
src/lib/actions/reports.ts(83,15): error TS18048: 'expenses._sum' is possibly 'undefined'.
src/lib/actions/reports.ts(83,29): error TS2339: Property 'amount' does not exist on type '{ baseAmountMinor?: number | null | undefined; }'.
src/lib/actions/reports.ts(87,16): error TS18048: 'prevIncome._sum' is possibly 'undefined'.
src/lib/actions/reports.ts(87,32): error TS2339: Property 'amount' does not exist on type '{ baseAmountMinor?: number | null | undefined; }'.
src/lib/actions/reports.ts(88,16): error TS18048: 'prevExpenses._sum' is possibly 'undefined'.
src/lib/actions/reports.ts(88,34): error TS2339: Property 'amount' does not exist on type '{ baseAmountMinor?: number | null | undefined; }'.
src/lib/actions/reports.ts(135,13): error TS2353: Object literal may only specify known properties, and 'amount' does not exist in type 'TransactionSumAggregateInputType'.
src/lib/actions/reports.ts(136,24): error TS2322: Type '{ _sum: { amount: string; }; }' is not assignable to type 'TransactionOrderByWithAggregationInput | TransactionOrderByWithAggregationInput[] | undefined'.
  Types of property '_sum' are incompatible.
    Object literal may only specify known properties, and 'amount' does not exist in type 'TransactionSumOrderByAggregateInput'.
src/lib/actions/reports.ts(144,45): error TS18048: 'r._sum' is possibly 'undefined'.
src/lib/actions/reports.ts(144,52): error TS2339: Property 'amount' does not exist on type '{ baseAmountMinor?: number | null | undefined; }'.
src/lib/actions/reports.ts(149,12): error TS18048: 'r._sum' is possibly 'undefined'.
src/lib/actions/reports.ts(149,19): error TS2339: Property 'amount' does not exist on type '{ baseAmountMinor?: number | null | undefined; }'.
src/lib/actions/reports.ts(150,37): error TS18048: 'r._sum' is possibly 'undefined'.
src/lib/actions/reports.ts(150,44): error TS2339: Property 'amount' does not exist on type '{ baseAmountMinor?: number | null | undefined; }'.
src/lib/actions/transactions.ts(32,15): error TS2353: Object literal may only specify known properties, and 'amount' does not exist in type 'TransactionSumAggregateInputType'.
src/lib/actions/transactions.ts(36,15): error TS2353: Object literal may only specify known properties, and 'amount' does not exist in type 'TransactionSumAggregateInputType'.
src/lib/actions/transactions.ts(40,15): error TS18048: 'income._sum' is possibly 'undefined'.
src/lib/actions/transactions.ts(40,27): error TS2339: Property 'amount' does not exist on type '{ baseAmountMinor?: number | null | undefined; }'.
src/lib/actions/transactions.ts(41,15): error TS18048: 'expenses._sum' is possibly 'undefined'.
src/lib/actions/transactions.ts(41,29): error TS2339: Property 'amount' does not exist on type '{ baseAmountMinor?: number | null | undefined; }'.
src/lib/actions/transactions.ts(95,13): error TS2353: Object literal may only specify known properties, and 'amount' does not exist in type 'TransactionSumAggregateInputType'.
src/lib/actions/transactions.ts(96,24): error TS2322: Type '{ _sum: { amount: string; }; }' is not assignable to type 'TransactionOrderByWithAggregationInput | TransactionOrderByWithAggregationInput[] | undefined'.
  Types of property '_sum' are incompatible.
    Object literal may only specify known properties, and 'amount' does not exist in type 'TransactionSumOrderByAggregateInput'.
src/lib/actions/transactions.ts(104,44): error TS18048: 'r._sum' is possibly 'undefined'.
src/lib/actions/transactions.ts(104,51): error TS2339: Property 'amount' does not exist on type '{ baseAmountMinor?: number | null | undefined; }'.
src/lib/actions/transactions.ts(108,12): error TS18048: 'r._sum' is possibly 'undefined'.
src/lib/actions/transactions.ts(108,19): error TS2339: Property 'amount' does not exist on type '{ baseAmountMinor?: number | null | undefined; }'.
src/lib/actions/transactions.ts(109,37): error TS18048: 'r._sum' is possibly 'undefined'.
src/lib/actions/transactions.ts(109,44): error TS2339: Property 'amount' does not exist on type '{ baseAmountMinor?: number | null | undefined; }'.
src/lib/actions/transactions.ts(141,5): error TS2322: Type '{ date: Date; userId: string; name: string; amount: number; type: "income" | "expense"; categoryId: string; note?: string | undefined; }' is not assignable to type '(Without<TransactionCreateInput, TransactionUncheckedCreateInput> & TransactionUncheckedCreateInput) | (Without<...> & TransactionCreateInput)'.
  Type '{ date: Date; userId: string; name: string; amount: number; type: "income" | "expense"; categoryId: string; note?: string | undefined; }' is not assignable to type 'Without<TransactionCreateInput, TransactionUncheckedCreateInput> & TransactionUncheckedCreateInput'.
    Property 'baseAmountMinor' is missing in type '{ date: Date; userId: string; name: string; amount: number; type: "income" | "expense"; categoryId: string; note?: string | undefined; }' but required in type 'TransactionUncheckedCreateInput'.
src/lib/actions/transactions.ts(181,5): error TS2322: Type '{ name: string; amount: number; type: string; categoryId: string; date: Date; note: string | undefined; userId: string; importedAt: Date; }[]' is not assignable to type 'TransactionCreateManyInput | TransactionCreateManyInput[]'.
  Type '{ name: string; amount: number; type: string; categoryId: string; date: Date; note: string | undefined; userId: string; importedAt: Date; }[]' is not assignable to type 'TransactionCreateManyInput[]'.
    Property 'baseAmountMinor' is missing in type '{ name: string; amount: number; type: string; categoryId: string; date: Date; note: string | undefined; userId: string; importedAt: Date; }' but required in type 'TransactionCreateManyInput'.
src/lib/intelligence.ts(62,48): error TS2339: Property 'amount' does not exist on type '{ category: { id: string; userId: string; type: string; name: string; icon: string | null; }; } & { id: string; userId: string; type: string; name: string; currency: string; createdAt: Date; date: Date; note: string | null; baseAmountMinor: number; categoryId: string; importedAt: Date | null; }'.
src/lib/intelligence.ts(71,51): error TS2339: Property 'amount' does not exist on type '{ category: { id: string; userId: string; type: string; name: string; icon: string | null; }; } & { id: string; userId: string; type: string; name: string; currency: string; createdAt: Date; date: Date; note: string | null; baseAmountMinor: number; categoryId: string; importedAt: Date | null; }'.
src/lib/intelligence.ts(121,60): error TS2339: Property 'amount' does not exist on type '{ category: { id: string; userId: string; type: string; name: string; icon: string | null; }; } & { id: string; userId: string; type: string; name: string; currency: string; createdAt: Date; date: Date; note: string | null; baseAmountMinor: number; categoryId: string; importedAt: Date | null; }'.
src/lib/intelligence.ts(135,97): error TS2339: Property 'amount' does not exist on type '{ category: { id: string; userId: string; type: string; name: string; icon: string | null; }; } & { id: string; userId: string; type: string; name: string; currency: string; createdAt: Date; date: Date; note: string | null; baseAmountMinor: number; categoryId: string; importedAt: Date | null; }'.
src/lib/intelligence.ts(136,98): error TS2339: Property 'amount' does not exist on type '{ category: { id: string; userId: string; type: string; name: string; icon: string | null; }; } & { id: string; userId: string; type: string; name: string; currency: string; createdAt: Date; date: Date; note: string | null; baseAmountMinor: number; categoryId: string; importedAt: Date | null; }'.
src/lib/intelligence.ts(177,71): error TS2353: Object literal may only specify known properties, and 'targetAmount' does not exist in type 'GoalWhereInput'.
src/lib/intelligence.ts(179,16): error TS2339: Property 'currentAmount' does not exist on type '{ category: string; id: string; userId: string; name: string; createdAt: Date; targetAmountMinor: number; currentAmountMinor: number; deadline: Date | null; }'.
src/lib/intelligence.ts(179,38): error TS2339: Property 'targetAmount' does not exist on type '{ category: string; id: string; userId: string; name: string; createdAt: Date; targetAmountMinor: number; currentAmountMinor: number; deadline: Date | null; }'.
src/lib/intelligence.ts(184,90): error TS2339: Property 'targetAmount' does not exist on type '{ category: string; id: string; userId: string; name: string; createdAt: Date; targetAmountMinor: number; currentAmountMinor: number; deadline: Date | null; }'.
src/lib/intelligence.ts(188,38): error TS2339: Property 'currentAmount' does not exist on type '{ category: string; id: string; userId: string; name: string; createdAt: Date; targetAmountMinor: number; currentAmountMinor: number; deadline: Date | null; }'.
src/lib/intelligence.ts(188,59): error TS2339: Property 'targetAmount' does not exist on type '{ category: string; id: string; userId: string; name: string; createdAt: Date; targetAmountMinor: number; currentAmountMinor: number; deadline: Date | null; }'.
src/lib/intelligence.ts(204,71): error TS2353: Object literal may only specify known properties, and 'balance' does not exist in type 'LoanWhereInput'.
src/lib/intelligence.ts(215,60): error TS2339: Property 'monthlyPmt' does not exist on type '{ id: string; userId: string; type: string; name: string; createdAt: Date; lender: string; originalAmountMinor: number; balanceMinor: number; annualRate: number; monthlyPaymentMinor: number; nextDue: Date; daysOverdue: number; }'.
